
> move-plan-next@0.1.0 build
> NODE_OPTIONS='--no-deprecation' next build

 ⚠ Invalid next.config.js options detected: 
 ⚠     Unrecognized key(s) in object: 'serverExternalPackages' at "experimental"
 ⚠     Unrecognized key(s) in object: 'swcMinify'
 ⚠ See more info here: https://nextjs.org/docs/messages/invalid-next-config
 ⚠ Warning: Next.js inferred your workspace root, but it may not be correct.
 We detected multiple lockfiles and selected the directory of /Users/ois/package-lock.json as the root directory.
 To silence this warning, set `outputFileTracingRoot` in your Next.js config, or consider removing one of the lockfiles if it's not needed.
   See https://nextjs.org/docs/app/api-reference/config/next-config-js/output#caveats for more information.
 Detected additional lockfiles: 
   * /Users/ois/move-plan-next/package-lock.json

   ▲ Next.js 15.5.7
   - Environments: .env.local, .env
   - Experiments (use with caution):
     ✓ optimizeCss
     ⨯ reactCompiler
     · optimizePackageImports
     · serverExternalPackages
     ✓ webpackMemoryOptimizations

   Creating an optimized production build ...
 ⚠ You are using an experimental edge runtime, the API might change.
 ✓ Compiled successfully in 21.3s
   Skipping linting
   Checking validity of types ...
